app/api/admin/claims/route.ts(8,37): error TS2339: Property 'claim' does not exist on type 'PrismaClient<PrismaClientOptions, never, DefaultArgs>'.
app/api/admin/stats/route.ts(36,20): error TS2339: Property 'claim' does not exist on type 'PrismaClient<PrismaClientOptions, never, DefaultArgs>'.
app/api/auth/[...nextauth]/route.ts(1,10): error TS2305: Module '"@/auth"' has no exported member 'handlers'.
